// Jest Snapshot v1, https://goo.gl/fbAQLP

exports[`<Example /> Snapshot Matches renders Example unchanged 1`] = `
.c0 {
  color: #fff;
}

<main
  class="c0"
>
  <h1>
    Example
  </h1>
</main>
`;
