// Jest Snapshot v1, https://goo.gl/fbAQLP

exports[`renders Main unchanged 1`] = `
<main>
  <h2>
    Esdras proj initialzer
  </h2>
</main>
`;
